// Jest Snapshot v1, https://goo.gl/fbAQLP

exports[`<Button /> should match snapshot 1`] = `
<button
  class="button"
>
  Load more
</button>
`;

exports[`<Button /> should match snapshot 2`] = `
<button
  class="button"
>
  Load more
</button>
`;
